Microchip MPLAB XC8 Compiler V1.33 ()

Linker command line:

-W-3 --edf=C:\Program Files (x86)\Microchip\xc8\v1.33\dat\en_msgs.txt -cs \
  -h+dist/default/production\Keyboard.X.production.sym \
  --cmf=dist/default/production\Keyboard.X.production.cmf -z -Q16F877A \
  -oC:\Users\Sirtom\AppData\Local\Temp\s368.6 \
  -Mdist/default/production/Keyboard.X.production.map -E1 -ver=XC8 \
  -ASTACK=0110h-016fh -pstack=STACK -ACONST=00h-0FFhx32 -ACODE=00h-07FFhx4 \
  -ASTRCODE=00h-01FFFh -AENTRY=00h-0FFhx32 -ASTRING=00h-0FFhx32 \
  -ACOMMON=070h-07Fh -ABANK0=020h-06Fh -ABANK1=0A0h-0EFh \
  -ABANK2=0110h-016Fh -ABANK3=0190h-01EFh \
  -ARAM=020h-06Fh,0A0h-0EFh,0110h-016Fh,0190h-01EFh \
  -AABS1=020h-07Fh,0A0h-0EFh,0110h-016Fh,0190h-01EFh -ASFR0=00h-01Fh \
  -ASFR1=080h-09Fh -ASFR2=0100h-010Fh -ASFR3=0180h-018Fh \
  -preset_vec=00h,intentry,init,end_init -ppowerup=CODE -pcinit=CODE \
  -pfunctab=CODE -ACONFIG=02007h-02007h -pconfig=CONFIG -DCONFIG=2 \
  -AIDLOC=02000h-02003h -pidloc=IDLOC -DIDLOC=2 -AEEDATA=00h-0FFh/02100h \
  -peeprom_data=EEDATA -DEEDATA=2 -DCODE=2 -DSTRCODE=2 -DSTRING=2 -DCONST=2 \
  -DENTRY=2 -k C:\Users\Sirtom\AppData\Local\Temp\s368.obj \
  dist/default/production\Keyboard.X.production.obj 

Object code version is 3.11

Machine type is 16F877A



                Name                               Link     Load   Length Selector   Space Scale
C:\Users\Sirtom\AppData\Local\Temp\s368.obj
                end_init                              0        0        3        0       0
                config                             2007     2007        1     400E       0
dist/default/production\Keyboard.X.production.obj
                cinit                               7EA      7EA       16      FD4       0
                text8                               473      473        A      8E6       0
                text7                               493      493        F      926       0
                text6                               47D      47D        A      8FA       0
                text5                               4CB      4CB       1B      996       0
                text4                               52F      52F       5E      A5E       0
                text3                               4B3      4B3       18      966       0
                text2                               4E6      4E6       49      9CC       0
                text1                               58D      58D       F8      B1A       0
                maintext                            685      685      165      D0A       0
                cstackCOMMON                         70       70        8       70       1
                inittext                            4A2      4A2       11      944       0
                dataBANK0                            20       20        C       20       1
                bssCOMMON                            78       78        6       70       1
                strings                               3        3       E2        6       0
                idataBANK0                          487      487        C      90E       0

TOTAL           Name                               Link     Load   Length     Space
        CLASS   STACK          

        CLASS   CONST          

        CLASS   CODE           
                end_init                              0        0        3         0
                cinit                               7EA      7EA       16         0
                text8                               473      473        A         0
                text7                               493      493        F         0
                text6                               47D      47D        A         0
                text5                               4CB      4CB       1B         0
                text4                               52F      52F       5E         0
                text3                               4B3      4B3       18         0
                text2                               4E6      4E6       49         0
                text1                               58D      58D       F8         0
                maintext                            685      685      165         0
                inittext                            4A2      4A2       11         0
                idataBANK0                          487      487        C         0

        CLASS   STRCODE        

        CLASS   ENTRY          

        CLASS   STRING         
                strings                               3        3       E2         0

        CLASS   COMMON         
                cstackCOMMON                         70       70        8         1
                bssCOMMON                            78       78        6         1

        CLASS   BANK0          
                dataBANK0                            20       20        C         1

        CLASS   BANK1          

        CLASS   BANK2          

        CLASS   BANK3          

        CLASS   RAM            

        CLASS   ABS1           
                abs_s1                               7E       7E        2         1

        CLASS   SFR0           

        CLASS   SFR1           

        CLASS   SFR2           

        CLASS   SFR3           

        CLASS   CONFIG         
                config                             2007     2007        1         0

        CLASS   IDLOC          

        CLASS   EEDATA         



SEGMENTS        Name                           Load    Length   Top    Selector   Space  Class     Delta

                reset_vec                      000000  000003  000003         0       0  CODE        2
                strings                        000003  0000E2  0000E5         6       0  STRING      2
                dataBANK0                      000020  00000C  00002C        20       1  BANK0       1
                cstackCOMMON                   000070  00000E  00007E        70       1  COMMON      1
                text8                          000473  00000A  00047D       8E6       0  CODE        2
                text6                          00047D  00000A  000487       8FA       0  CODE        2
                idataBANK0                     000487  00000C  000493       90E       0  CODE        2
                text7                          000493  00000F  0004A2       926       0  CODE        2
                inittext                       0004A2  000011  0004B3       944       0  CODE        2
                text3                          0004B3  000018  0004CB       966       0  CODE        2
                text5                          0004CB  00001B  0004E6       996       0  CODE        2
                text2                          0004E6  000049  00052F       9CC       0  CODE        2
                text4                          00052F  00005E  00058D       A5E       0  CODE        2
                text1                          00058D  0000F8  000685       B1A       0  CODE        2
                maintext                       000685  000165  0007EA       D0A       0  CODE        2
                cinit                          0007EA  000016  000800       FD4       0  CODE        2
                config                         002007  000001  002008      400E       0  CONFIG      2


UNUSED ADDRESS RANGES

        Name                Unused          Largest block    Delta
        BANK0            002C-006F             44           1
        BANK1            00A0-00EF             50           1
        BANK2            0110-016F             60           1
        BANK3            0190-01EF             60           1
        CODE             00E5-0472            38E           2
                         0800-1FFF            800
        CONST            00E5-0472            100           2
                         0800-1FFF            100
        EEDATA           2100-21FF            100           2
        ENTRY            00E5-0472            100           2
                         0800-1FFF            100
        IDLOC            2000-2003              4           2
        RAM              002C-006F             44           1
                         00A0-00EF             50
                         0110-016F             60
                         0190-01EF             60
        SFR0             0000-001F             20           1
        SFR1             0080-009F             20           1
        SFR2             0100-010F             10           1
        SFR3             0180-018F             10           1
        STACK            0110-016F             60           1
        STRCODE          00E5-0472            38E           2
                         0800-1FFF           1800
        STRING           00E5-0472            100           2
                         0800-1FFF            100

                                  Symbol Table

CURSOR@a                 cstackCOMMON 0073
CURSOR@b                 cstackCOMMON 0072
LCDWRITE@P               cstackCOMMON 0077
LCDWRITE@i               cstackCOMMON 0076
LCDWRITE@j               cstackCOMMON 0074
LCDWRITE@k               cstackCOMMON 0075
_ADCON1                  (abs)        009F
_CCP1CON                 (abs)        0017
_CCPR1L                  (abs)        0015
_CLOCK                   text7        0493
_CLRDISP                 text5        04CB
_CURSOR                  text3        04B3
_LCDWRITE                text2        04E6
_NUM                     bssCOMMON    0078
_PORTA                   (abs)        0005
_PORTB                   (abs)        0006
_PORTC                   (abs)        0007
_PORTD                   (abs)        0008
_PORTDbits               (abs)        0008
_PORTE                   (abs)        0009
_PR2                     (abs)        0092
_RA0                     (abs)        0028
_RA1                     (abs)        0029
_RA2                     (abs)        002A
_RA3                     (abs)        002B
_RA4                     (abs)        002C
_RA5                     (abs)        002D
_RB0                     (abs)        0030
_RB1                     (abs)        0031
_RB2                     (abs)        0032
_RB4                     (abs)        0034
_RB5                     (abs)        0035
_RB6                     (abs)        0036
_RB7                     (abs)        0037
_RC3                     (abs)        003B
_RD4                     (abs)        0044
_RD5                     (abs)        0045
_RD7                     (abs)        0047
_T2CON                   (abs)        0012
_TMR2                    (abs)        0011
_TMR2ON                  (abs)        0092
_TRISA                   (abs)        0085
_TRISB                   (abs)        0086
_TRISC                   (abs)        0087
_TRISD                   (abs)        0088
_TRISE                   (abs)        0089
__CFG_BOREN$ON           (abs)        0000
__CFG_CP$OFF             (abs)        0000
__CFG_CPD$OFF            (abs)        0000
__CFG_FOSC$HS            (abs)        0000
__CFG_LVP$ON             (abs)        0000
__CFG_PWRTE$OFF          (abs)        0000
__CFG_WDTE$OFF           (abs)        0000
__CFG_WRT$OFF            (abs)        0000
__Habs1                  abs1         0000
__Hbank0                 bank0        0000
__Hbank1                 bank1        0000
__Hbank2                 bank2        0000
__Hbank3                 bank3        0000
__HbssCOMMON             bssCOMMON    0000
__Hcinit                 cinit        0800
__Hclrtext               clrtext      0000
__Hcode                  code         0000
__Hcommon                common       0000
__Hconfig                config       2008
__HcstackCOMMON          cstackCOMMON 0000
__HdataBANK0             dataBANK0    0000
__Heeprom_data           eeprom_data  0000
__Hend_init              end_init     0003
__Hfunctab               functab      0000
__HidataBANK0            idataBANK0   0000
__Hidloc                 idloc        0000
__Hinit                  init         0000
__Hinittext              inittext     0000
__Hintentry              intentry     0000
__Hmaintext              maintext     0000
__Hpowerup               powerup      0000
__Hram                   ram          0000
__Hreset_vec             reset_vec    0000
__Hsfr0                  sfr0         0000
__Hsfr1                  sfr1         0000
__Hsfr2                  sfr2         0000
__Hsfr3                  sfr3         0000
__Hspace_0               (abs)        2008
__Hspace_1               (abs)        007E
__Hspace_2               (abs)        0000
__Hspace_3               (abs)        0000
__Hstack                 stack        0000
__Hstrings               strings      0000
__Htext                  text         0000
__Labs1                  abs1         0000
__Lbank0                 bank0        0000
__Lbank1                 bank1        0000
__Lbank2                 bank2        0000
__Lbank3                 bank3        0000
__LbssCOMMON             bssCOMMON    0000
__Lcinit                 cinit        07EA
__Lclrtext               clrtext      0000
__Lcode                  code         0000
__Lcommon                common       0000
__Lconfig                config       2007
__LcstackCOMMON          cstackCOMMON 0000
__LdataBANK0             dataBANK0    0000
__Leeprom_data           eeprom_data  0000
__Lend_init              end_init     0000
__Lfunctab               functab      0000
__LidataBANK0            idataBANK0   0000
__Lidloc                 idloc        0000
__Linit                  init         0000
__Linittext              inittext     0000
__Lintentry              intentry     0000
__Lmaintext              maintext     0000
__Lpowerup               powerup      0000
__Lram                   ram          0000
__Lreset_vec             reset_vec    0000
__Lsfr0                  sfr0         0000
__Lsfr1                  sfr1         0000
__Lsfr2                  sfr2         0000
__Lsfr3                  sfr3         0000
__Lspace_0               (abs)        0000
__Lspace_1               (abs)        0000
__Lspace_2               (abs)        0000
__Lspace_3               (abs)        0000
__Lstack                 stack        0000
__Lstrings               strings      0000
__Ltext                  text         0000
__S0                     (abs)        2008
__S1                     (abs)        007E
__S2                     (abs)        0000
__S3                     (abs)        0000
___int_sp                stack        0000
___latbits               (abs)        0002
___sp                    stack        0000
__end_of_CLOCK           text7        04A2
__end_of_CLRDISP         text5        04E6
__end_of_CURSOR          text3        04CB
__end_of_LCDWRITE        text2        052F
__end_of__initialization cinit        07FC
__end_of__stringdata     strings      00E5
__end_of__stringtab      strings      0009
__end_of_config          text4        058D
__end_of_delay1          text6        0487
__end_of_delay2          text8        047D
__end_of_lcd             text1        0685
__end_of_main            maintext     07EA
__end_ofexp@coeff        strings      0027
__end_oflog@coeff        strings      0042
__initialization         cinit        07EA
__pbssCOMMON             bssCOMMON    0078
__pcstackCOMMON          cstackCOMMON 0070
__pdataBANK0             dataBANK0    0020
__pidataBANK0            idataBANK0   0487
__pmaintext              maintext     0685
__pstrings               strings      0003
__ptext1                 text1        058D
__ptext2                 text2        04E6
__ptext3                 text3        04B3
__ptext4                 text4        052F
__ptext5                 text5        04CB
__ptext6                 text6        047D
__ptext7                 text7        0493
__ptext8                 text8        0473
__size_of_CLOCK          (abs)        0000
__size_of_CLRDISP        (abs)        0000
__size_of_CURSOR         (abs)        0000
__size_of_LCDWRITE       (abs)        0000
__size_of_config         (abs)        0000
__size_of_delay1         (abs)        0000
__size_of_delay2         (abs)        0000
__size_of_lcd            (abs)        0000
__size_of_main           (abs)        0000
__stringbase             strings      0008
__stringdata             strings      0042
__stringtab              strings      0003
_config                  text4        052F
_delay1                  text6        047D
_delay2                  text8        0473
_errno                   bssCOMMON    007C
_lcd                     text1        058D
_logo                    dataBANK0    0020
_main                    maintext     0685
btemp                    (abs)        007E
end_of_initialization    cinit        07FC
init_fetch0              inittext     04A2
init_ram0                inittext     04A6
intlevel0                functab      0000
intlevel1                functab      0000
intlevel2                functab      0000
intlevel3                functab      0000
intlevel4                functab      0000
intlevel5                functab      0000
ltemp                    (abs)        007E
ltemp0                   (abs)        007E
ltemp1                   (abs)        0082
ltemp2                   (abs)        0086
ltemp3                   (abs)        0080
reset_vec                reset_vec    0000
stackhi                  (abs)        0000
stacklo                  (abs)        0000
start                    init         0000
start_initialization     cinit        07EA
ttemp                    (abs)        007E
ttemp0                   (abs)        007E
ttemp1                   (abs)        0081
ttemp2                   (abs)        0084
ttemp3                   (abs)        0087
ttemp4                   (abs)        007F
wtemp                    (abs)        007E
wtemp0                   (abs)        007E
wtemp1                   (abs)        0080
wtemp2                   (abs)        0082
wtemp3                   (abs)        0084
wtemp4                   (abs)        0086
wtemp5                   (abs)        0088
wtemp6                   (abs)        007F


FUNCTION INFORMATION:

 *************** function _main *****************
 Defined at:
		line 59 in file "keyboard.c"
 Parameters:    Size  Location     Type
		None
 Auto vars:     Size  Location     Type
		None
 Return value:  Size  Location     Type
		None               void
 Registers used:
		wreg, fsr0l, fsr0h, status,2, status,0, pclath, cstack
 Tracked objects:
		On entry : 
		On exit  : 
		Unchanged: 
 Data sizes:     COMMON   BANK0   BANK1   BANK3   BANK2
      Params:         0       0       0       0       0
      Locals:         0       0       0       0       0
      Temps:          0       0       0       0       0
      Totals:         0       0       0       0       0
Total ram usage:        0 bytes
 Hardware stack levels required when called:    4
 This function calls:
		_CLRDISP
		_config
		_lcd
 This function is called by:
		Startup code after reset
 This function uses a non-reentrant model


 *************** function _lcd *****************
 Defined at:
		line 13 in file "keyboard.c"
 Parameters:    Size  Location     Type
		None
 Auto vars:     Size  Location     Type
		None
 Return value:  Size  Location     Type
		None               void
 Registers used:
		wreg, fsr0l, fsr0h, status,2, status,0, pclath, cstack
 Tracked objects:
		On entry : 
		On exit  : 
		Unchanged: 
 Data sizes:     COMMON   BANK0   BANK1   BANK3   BANK2
      Params:         0       0       0       0       0
      Locals:         0       0       0       0       0
      Temps:          0       0       0       0       0
      Totals:         0       0       0       0       0
Total ram usage:        0 bytes
 Hardware stack levels used:    1
 Hardware stack levels required when called:    3
 This function calls:
		_CURSOR
		_LCDWRITE
 This function is called by:
		_main
 This function uses a non-reentrant model


 *************** function _LCDWRITE *****************
 Defined at:
		line 53 in file "lib\LCDLIBRARY1.h"
 Parameters:    Size  Location     Type
  P               1    wreg     PTR const unsigned char 
		 -> STR_14(7), STR_13(12), STR_12(12), STR_11(12), 
		 -> STR_10(12), STR_9(12), STR_8(12), STR_7(12), 
		 -> STR_6(12), STR_5(12), STR_4(12), STR_3(12), 
		 -> STR_2(12), STR_1(12), 
 Auto vars:     Size  Location     Type
  P               1    7[COMMON] PTR const unsigned char 
		 -> STR_14(7), STR_13(12), STR_12(12), STR_11(12), 
		 -> STR_10(12), STR_9(12), STR_8(12), STR_7(12), 
		 -> STR_6(12), STR_5(12), STR_4(12), STR_3(12), 
		 -> STR_2(12), STR_1(12), 
  i               1    6[COMMON] unsigned char 
  k               1    5[COMMON] unsigned char 
  j               1    4[COMMON] unsigned char 
 Return value:  Size  Location     Type
		None               void
 Registers used:
		wreg, fsr0l, fsr0h, status,2, status,0, pclath, cstack
 Tracked objects:
		On entry : 
		On exit  : 
		Unchanged: 
 Data sizes:     COMMON   BANK0   BANK1   BANK3   BANK2
      Params:         0       0       0       0       0
      Locals:         4       0       0       0       0
      Temps:          2       0       0       0       0
      Totals:         6       0       0       0       0
Total ram usage:        6 bytes
 Hardware stack levels used:    1
 Hardware stack levels required when called:    2
 This function calls:
		_CLOCK
 This function is called by:
		_lcd
 This function uses a non-reentrant model


 *************** function _CURSOR *****************
 Defined at:
		line 199 in file "lib\LCDLIBRARY1.h"
 Parameters:    Size  Location     Type
  a               1    wreg     unsigned char 
  b               1    2[COMMON] unsigned char 
 Auto vars:     Size  Location     Type
  a               1    3[COMMON] unsigned char 
 Return value:  Size  Location     Type
		None               void
 Registers used:
		wreg, status,2, status,0, pclath, cstack
 Tracked objects:
		On entry : 
		On exit  : 
		Unchanged: 
 Data sizes:     COMMON   BANK0   BANK1   BANK3   BANK2
      Params:         1       0       0       0       0
      Locals:         1       0       0       0       0
      Temps:          0       0       0       0       0
      Totals:         2       0       0       0       0
Total ram usage:        2 bytes
 Hardware stack levels used:    1
 Hardware stack levels required when called:    2
 This function calls:
		_CLOCK
 This function is called by:
		_lcd
 This function uses a non-reentrant model


 *************** function _config *****************
 Defined at:
		line 233 in file "lib\LCDLIBRARY1.h"
 Parameters:    Size  Location     Type
		None
 Auto vars:     Size  Location     Type
		None
 Return value:  Size  Location     Type
		None               void
 Registers used:
		wreg, status,2, status,0, pclath, cstack
 Tracked objects:
		On entry : 
		On exit  : 
		Unchanged: 
 Data sizes:     COMMON   BANK0   BANK1   BANK3   BANK2
      Params:         0       0       0       0       0
      Locals:         0       0       0       0       0
      Temps:          0       0       0       0       0
      Totals:         0       0       0       0       0
Total ram usage:        0 bytes
 Hardware stack levels used:    1
 Hardware stack levels required when called:    2
 This function calls:
		_CLOCK
		_delay1
 This function is called by:
		_main
 This function uses a non-reentrant model


 *************** function _CLRDISP *****************
 Defined at:
		line 210 in file "lib\LCDLIBRARY1.h"
 Parameters:    Size  Location     Type
		None
 Auto vars:     Size  Location     Type
		None
 Return value:  Size  Location     Type
		None               void
 Registers used:
		wreg, status,2, status,0, pclath, cstack
 Tracked objects:
		On entry : 
		On exit  : 
		Unchanged: 
 Data sizes:     COMMON   BANK0   BANK1   BANK3   BANK2
      Params:         0       0       0       0       0
      Locals:         0       0       0       0       0
      Temps:          0       0       0       0       0
      Totals:         0       0       0       0       0
Total ram usage:        0 bytes
 Hardware stack levels used:    1
 Hardware stack levels required when called:    2
 This function calls:
		_CLOCK
		_delay1
 This function is called by:
		_main
 This function uses a non-reentrant model


 *************** function _delay1 *****************
 Defined at:
		line 29 in file "lib\LCDLIBRARY1.h"
 Parameters:    Size  Location     Type
		None
 Auto vars:     Size  Location     Type
		None
 Return value:  Size  Location     Type
		None               void
 Registers used:
		wreg
 Tracked objects:
		On entry : 
		On exit  : 
		Unchanged: 
 Data sizes:     COMMON   BANK0   BANK1   BANK3   BANK2
      Params:         0       0       0       0       0
      Locals:         0       0       0       0       0
      Temps:          2       0       0       0       0
      Totals:         2       0       0       0       0
Total ram usage:        2 bytes
 Hardware stack levels used:    1
 This function calls:
		Nothing
 This function is called by:
		_CLRDISP
		_config
		_SETCURSORTYPE
 This function uses a non-reentrant model


 *************** function _CLOCK *****************
 Defined at:
		line 43 in file "lib\LCDLIBRARY1.h"
 Parameters:    Size  Location     Type
		None
 Auto vars:     Size  Location     Type
		None
 Return value:  Size  Location     Type
		None               void
 Registers used:
		wreg, status,2, status,0, pclath, cstack
 Tracked objects:
		On entry : 
		On exit  : 
		Unchanged: 
 Data sizes:     COMMON   BANK0   BANK1   BANK3   BANK2
      Params:         0       0       0       0       0
      Locals:         0       0       0       0       0
      Temps:          0       0       0       0       0
      Totals:         0       0       0       0       0
Total ram usage:        0 bytes
 Hardware stack levels used:    1
 Hardware stack levels required when called:    1
 This function calls:
		_delay2
 This function is called by:
		_LCDWRITE
		_CURSOR
		_CLRDISP
		_config
		_addition
		_NUMDISP
		_NUMDISP2
		_SETCURSORTYPE
 This function uses a non-reentrant model


 *************** function _delay2 *****************
 Defined at:
		line 36 in file "lib\LCDLIBRARY1.h"
 Parameters:    Size  Location     Type
		None
 Auto vars:     Size  Location     Type
		None
 Return value:  Size  Location     Type
		None               void
 Registers used:
		wreg
 Tracked objects:
		On entry : 
		On exit  : 
		Unchanged: 
 Data sizes:     COMMON   BANK0   BANK1   BANK3   BANK2
      Params:         0       0       0       0       0
      Locals:         0       0       0       0       0
      Temps:          2       0       0       0       0
      Totals:         2       0       0       0       0
Total ram usage:        2 bytes
 Hardware stack levels used:    1
 This function calls:
		Nothing
 This function is called by:
		_CLOCK
 This function uses a non-reentrant model



MODULE INFORMATION

Module		Function		Class		Link	Load	Size
lib\LCDLIBRARY1.h
		_CURSOR        		CODE           	04B3	0000	24
		_delay2        		CODE           	0473	0000	10
		_CLOCK         		CODE           	0493	0000	15
		_config        		CODE           	052F	0000	94
		_LCDWRITE      		CODE           	04E6	0000	73
		_CLRDISP       		CODE           	04CB	0000	27
		_delay1        		CODE           	047D	0000	10

lib\LCDLIBRARY1.h estimated size: 253

shared
		exp@coeff      		STRING         	0000	0000	39
		__stringtab    		STRING         	0003	0000	6
		__stringdata   		STRING         	0042	0000	163
		__initializatio		CODE           	07EA	0000	18
		log@coeff      		STRING         	0000	0000	66

shared estimated size: 292

keyboard.c
		_main          		CODE           	0685	0000	357
		_lcd           		CODE           	058D	0000	248

keyboard.c estimated size: 605

